[2026-09-11 11:58:51][INFO] === MiniHV GUI demarrage ===
[2026-09-11 11:58:51][INFO] KVM v12 initialise
[2026-09-11 11:58:51][OK] Binaire 'mini_os_loop.bin' charge (535 octets)
[2026-09-11 11:58:51][INFO] VM demarree — mode BIOS
[2026-09-11 11:59:06][OK] VM terminee
[2026-09-11 11:59:32][INFO] === MiniHV GUI demarrage ===
[2026-09-11 11:59:32][INFO] KVM v12 initialise
[2026-09-11 11:59:32][OK] Binaire 'mini_os_loop.bin' charge (535 octets)
[2026-09-11 11:59:32][INFO] VM demarree — mode BIOS
[2026-09-11 11:59:34][OK] VM terminee
[2026-09-11 11:59:38][INFO] === MiniHV GUI demarrage ===
[2026-09-11 11:59:38][INFO] KVM v12 initialise
[2026-09-11 11:59:38][OK] Binaire 'mini_os_loop.bin' charge (535 octets)
[2026-09-11 11:59:38][INFO] VM demarree — mode BIOS
[2026-09-11 11:59:40][OK] VM terminee
[2026-09-11 11:59:50][INFO] === MiniHV GUI demarrage ===
[2026-09-11 11:59:50][INFO] KVM v12 initialise
[2026-09-11 11:59:50][OK] Binaire 'mini_os_loop.bin' charge (535 octets)
[2026-09-11 11:59:50][INFO] VM demarree — mode BIOS
[2026-09-11 11:59:52][OK] VM terminee
[2026-09-11 12:00:38][INFO] === MiniHV GUI demarrage ===
[2026-09-11 12:00:38][INFO] KVM v12 initialise
[2026-09-11 12:00:38][OK] Binaire 'mini_os_loop.bin' charge (535 octets)
[2026-09-11 12:00:38][INFO] VM demarree — mode BIOS
[2026-09-11 12:00:40][OK] VM terminee
[2026-09-11 12:00:44][INFO] === MiniHV GUI demarrage ===
[2026-09-11 12:00:44][INFO] KVM v12 initialise
[2026-09-11 12:00:44][OK] Binaire 'mini_os_loop.bin' charge (535 octets)
[2026-09-11 12:00:44][INFO] VM demarree — mode BIOS
[2026-09-11 12:00:46][OK] VM terminee
[2026-09-11 12:01:04][INFO] === MiniHV GUI demarrage ===
[2026-09-11 12:01:04][INFO] KVM v12 initialise
[2026-09-11 12:01:04][OK] Binaire 'mini_os_loop.bin' charge (535 octets)
[2026-09-11 12:01:04][INFO] VM demarree — mode BIOS
[2026-09-11 12:01:06][OK] VM terminee
[2026-09-11 12:01:10][INFO] === MiniHV GUI demarrage ===
[2026-09-11 12:01:10][INFO] KVM v12 initialise
[2026-09-11 12:01:10][OK] Binaire 'mini_os_loop.bin' charge (535 octets)
[2026-09-11 12:01:10][INFO] VM demarree — mode BIOS
[2026-09-11 12:01:12][OK] VM terminee
